Testing with professional: analyst1@financialapp.com
Error in test script: Error
    at Query.run (/Users/sahej/Desktop/financial-app/server/node_modules/sequelize/lib/dialects/postgres/query.js:50:25)
    at /Users/sahej/Desktop/financial-app/server/node_modules/sequelize/lib/sequelize.js:315:28
    at process.processTicksAndRejections (node:internal/process/task_queues:103:5)
    at async PostgresQueryInterface.select (/Users/sahej/Desktop/financial-app/server/node_modules/sequelize/lib/dialects/abstract/query-interface.js:407:12)
    at async Meeting.findAll (/Users/sahej/Desktop/financial-app/server/node_modules/sequelize/lib/model.js:1140:21)
    at async testEndpoint (/Users/sahej/Desktop/financial-app/test-endpoint.js:12:26) {
  name: 'SequelizeDatabaseError',
  parent: error: column Meeting.transactionId does not exist
      at parseErrorMessage (/Users/sahej/Desktop/financial-app/server/node_modules/pg-protocol/dist/parser.js:305:11)
      at Parser.handlePacket (/Users/sahej/Desktop/financial-app/server/node_modules/pg-protocol/dist/parser.js:143:27)
      at Parser.parse (/Users/sahej/Desktop/financial-app/server/node_modules/pg-protocol/dist/parser.js:37:38)
      at Socket.<anonymous> (/Users/sahej/Desktop/financial-app/server/node_modules/pg-protocol/dist/index.js:11:42)
      at Socket.emit (node:events:508:28)
      at addChunk (node:internal/streams/readable:559:12)
      at readableAddChunkPushByteMode (node:internal/streams/readable:510:3)
      at Readable.push (node:internal/streams/readable:390:5)
      at TCP.onStreamRead (node:internal/stream_base_commons:189:23) {
    length: 120,
    severity: 'ERROR',
    code: '42703',
    detail: undefined,
    hint: undefined,
    position: '953',
    internalPosition: undefined,
    internalQuery: undefined,
    where: undefined,
    schema: undefined,
    table: undefined,
    column: undefined,
    dataType: undefined,
    constraint: undefined,
    file: 'parse_relation.c',
    line: '3675',
    routine: 'errorMissingColumn',
    sql: 'SELECT "Meeting"."id", "Meeting"."clientId", "Meeting"."professionalId", "Meeting"."professionalRole", "Meeting"."title", "Meeting"."planningType", "Meeting"."engagementPurpose", "Meeting"."engagementType", "Meeting"."timeSensitivity", "Meeting"."industry", "Meeting"."turnoverBand", "Meeting"."incomeSources", "Meeting"."accountingMethod", "Meeting"."riskFlags", "Meeting"."riskScore", "Meeting"."startsAt", "Meeting"."endsAt", "Meeting"."status", "Meeting"."zoomMeetingId", "Meeting"."zoomJoinUrl", "Meeting"."zoomStartUrl", "Meeting"."zoomPassword", "Meeting"."description", "Meeting"."notes", "Meeting"."clientNotes", "Meeting"."completedAt", "Meeting"."rating", "Meeting"."feedback", "Meeting"."submissionId", "Meeting"."finalFee", "Meeting"."engagementScope", "Meeting"."engagementNotes", "Meeting"."deliverables", "Meeting"."milestones", "Meeting"."pendingStatus", "Meeting"."nextFollowUp", "Meeting"."referenceNumber", "Meeting"."healthScore", "Meeting"."transactionId", "Meeting"."createdAt", "Meeting"."updatedAt", "client"."id" AS "client.id", "client"."name" AS "client.name", "client"."email" AS "client.email", "submission"."id" AS "submission.id", "submission"."userId" AS "submission.userId", "submission"."planningPurpose" AS "submission.planningPurpose", "submission"."expansionReadinessScore" AS "submission.expansionReadinessScore", "submission"."loanSafetyScore" AS "submission.loanSafetyScore", "submission"."investmentCapacityScore" AS "submission.investmentCapacityScore", "submission"."dataCompletenessScore" AS "submission.dataCompletenessScore", "submission"."isDataVerified" AS "submission.isDataVerified", "submission"."validationFlags" AS "submission.validationFlags", "submission"."decisionPackStatus" AS "submission.decisionPackStatus", "submission"."decisionPackUrl" AS "submission.decisionPackUrl", "submission"."decisionPackGeneratedAt" AS "submission.decisionPackGeneratedAt", "submission"."decisionPackData" AS "submission.decisionPackData", "submission"."isPaid" AS "submission.isPaid", "submission"."transactionId" AS "submission.transactionId", "submission"."expansionType" AS "submission.expansionType", "submission"."fundingRequired" AS "submission.fundingRequired", "submission"."expansionTimeline" AS "submission.expansionTimeline", "submission"."businessType" AS "submission.businessType", "submission"."industryType" AS "submission.industryType", "submission"."annualRevenue" AS "submission.annualRevenue", "submission"."employeeCount" AS "submission.employeeCount", "submission"."profitMargin" AS "submission.profitMargin", "submission"."cashReserves" AS "submission.cashReserves", "submission"."existingLoans" AS "submission.existingLoans", "submission"."debtTypes" AS "submission.debtTypes", "submission"."totalDebtAmount" AS "submission.totalDebtAmount", "submission"."monthlyEMI" AS "submission.monthlyEMI", "submission"."monthlyExpenses" AS "submission.monthlyExpenses", "submission"."settlementGoal" AS "submission.settlementGoal", "submission"."settlementTimeline" AS "submission.settlementTimeline", "submission"."analystFeedback" AS "submission.analystFeedback", "submission"."outcomeTracking" AS "submission.outcomeTracking", "submission"."planningType" AS "submission.planningType", "submission"."targetAmount" AS "submission.targetAmount", "submission"."targetTimeline" AS "submission.targetTimeline", "submission"."achievementTimeline" AS "submission.achievementTimeline", "submission"."timelineFlexibility" AS "submission.timelineFlexibility", "submission"."riskReaction" AS "submission.riskReaction", "submission"."investmentExperience" AS "submission.investmentExperience", "submission"."riskPreference" AS "submission.riskPreference", "submission"."riskScore" AS "submission.riskScore", "submission"."incomeType" AS "submission.incomeType", "submission"."monthlyIncome" AS "submission.monthlyIncome", "submission"."incomeStability" AS "submission.incomeStability", "submission"."monthlySavings" AS "submission.monthlySavings", "submission"."assets" AS "submission.assets", "submission"."liabilities" AS "submission.liabilities", "submission"."totalLiabilityAmount" AS "submission.totalLiabilityAmount", "submission"."highestInterestRate" AS "submission.highestInterestRate", "submission"."dependents" AS "submission.dependents", "submission"."hasHealthInsurance" AS "submission.hasHealthInsurance", "submission"."hasLifeInsurance" AS "submission.hasLifeInsurance", "submission"."medicalConditions" AS "submission.medicalConditions", "submission"."taxResidency" AS "submission.taxResidency", "submission"."taxBracket" AS "submission.taxBracket", "submission"."existingTaxSavingInvestments" AS "submission.existingTaxSavingInvestments", "submission"."upcomingTaxEvents" AS "submission.upcomingTaxEvents", "submission"."avoidedInvestments" AS "submission.avoidedInvestments", "submission"."liquidityNeeds" AS "submission.liquidityNeeds", "submission"."ethicalPreferences" AS "submission.ethicalPreferences", "submission"."exposurePreference" AS "submission.exposurePreference", "submission"."successPriority" AS "submission.successPriority", "submission"."reviewFrequency" AS "submission.reviewFrequency", "submission"."riskProfileSummary" AS "submission.riskProfileSummary", "submission"."netWorthSnapshot" AS "submission.netWorthSnapshot", "submission"."gapsIdentified" AS "submission.gapsIdentified", "submission"."strategyOutline" AS "submission.strategyOutline", "submission"."fullName" AS "submission.fullName", "submission"."email" AS "submission.email", "submission"."phone" AS "submission.phone", "submission"."age" AS "submission.age", "submission"."occupation" AS "submission.occupation", "submission"."consultationSlot" AS "submission.consultationSlot", "submission"."preferredMeetingType" AS "submission.preferredMeetingType", "submission"."status" AS "submission.status", "submission"."assignedAnalyst" AS "submission.assignedAnalyst", "submission"."notes" AS "submission.notes", "submission"."createdAt" AS "submission.createdAt", "submission"."updatedAt" AS "submission.updatedAt" FROM "meetings" AS "Meeting" LEFT OUTER JOIN "Users" AS "client" ON "Meeting"."clientId" = "client"."id" LEFT OUTER JOIN "financial_planning_submissions" AS "submission" ON "Meeting"."submissionId" = "submission"."id" WHERE "Meeting"."professionalId" = 3;',
    parameters: undefined
  },
  original: error: column Meeting.transactionId does not exist
      at parseErrorMessage (/Users/sahej/Desktop/financial-app/server/node_modules/pg-protocol/dist/parser.js:305:11)
      at Parser.handlePacket (/Users/sahej/Desktop/financial-app/server/node_modules/pg-protocol/dist/parser.js:143:27)
      at Parser.parse (/Users/sahej/Desktop/financial-app/server/node_modules/pg-protocol/dist/parser.js:37:38)
      at Socket.<anonymous> (/Users/sahej/Desktop/financial-app/server/node_modules/pg-protocol/dist/index.js:11:42)
      at Socket.emit (node:events:508:28)
      at addChunk (node:internal/streams/readable:559:12)
      at readableAddChunkPushByteMode (node:internal/streams/readable:510:3)
      at Readable.push (node:internal/streams/readable:390:5)
      at TCP.onStreamRead (node:internal/stream_base_commons:189:23) {
    length: 120,
    severity: 'ERROR',
    code: '42703',
    detail: undefined,
    hint: undefined,
    position: '953',
    internalPosition: undefined,
    internalQuery: undefined,
    where: undefined,
    schema: undefined,
    table: undefined,
    column: undefined,
    dataType: undefined,
    constraint: undefined,
    file: 'parse_relation.c',
    line: '3675',
    routine: 'errorMissingColumn',
    sql: 'SELECT "Meeting"."id", "Meeting"."clientId", "Meeting"."professionalId", "Meeting"."professionalRole", "Meeting"."title", "Meeting"."planningType", "Meeting"."engagementPurpose", "Meeting"."engagementType", "Meeting"."timeSensitivity", "Meeting"."industry", "Meeting"."turnoverBand", "Meeting"."incomeSources", "Meeting"."accountingMethod", "Meeting"."riskFlags", "Meeting"."riskScore", "Meeting"."startsAt", "Meeting"."endsAt", "Meeting"."status", "Meeting"."zoomMeetingId", "Meeting"."zoomJoinUrl", "Meeting"."zoomStartUrl", "Meeting"."zoomPassword", "Meeting"."description", "Meeting"."notes", "Meeting"."clientNotes", "Meeting"."completedAt", "Meeting"."rating", "Meeting"."feedback", "Meeting"."submissionId", "Meeting"."finalFee", "Meeting"."engagementScope", "Meeting"."engagementNotes", "Meeting"."deliverables", "Meeting"."milestones", "Meeting"."pendingStatus", "Meeting"."nextFollowUp", "Meeting"."referenceNumber", "Meeting"."healthScore", "Meeting"."transactionId", "Meeting"."createdAt", "Meeting"."updatedAt", "client"."id" AS "client.id", "client"."name" AS "client.name", "client"."email" AS "client.email", "submission"."id" AS "submission.id", "submission"."userId" AS "submission.userId", "submission"."planningPurpose" AS "submission.planningPurpose", "submission"."expansionReadinessScore" AS "submission.expansionReadinessScore", "submission"."loanSafetyScore" AS "submission.loanSafetyScore", "submission"."investmentCapacityScore" AS "submission.investmentCapacityScore", "submission"."dataCompletenessScore" AS "submission.dataCompletenessScore", "submission"."isDataVerified" AS "submission.isDataVerified", "submission"."validationFlags" AS "submission.validationFlags", "submission"."decisionPackStatus" AS "submission.decisionPackStatus", "submission"."decisionPackUrl" AS "submission.decisionPackUrl", "submission"."decisionPackGeneratedAt" AS "submission.decisionPackGeneratedAt", "submission"."decisionPackData" AS "submission.decisionPackData", "submission"."isPaid" AS "submission.isPaid", "submission"."transactionId" AS "submission.transactionId", "submission"."expansionType" AS "submission.expansionType", "submission"."fundingRequired" AS "submission.fundingRequired", "submission"."expansionTimeline" AS "submission.expansionTimeline", "submission"."businessType" AS "submission.businessType", "submission"."industryType" AS "submission.industryType", "submission"."annualRevenue" AS "submission.annualRevenue", "submission"."employeeCount" AS "submission.employeeCount", "submission"."profitMargin" AS "submission.profitMargin", "submission"."cashReserves" AS "submission.cashReserves", "submission"."existingLoans" AS "submission.existingLoans", "submission"."debtTypes" AS "submission.debtTypes", "submission"."totalDebtAmount" AS "submission.totalDebtAmount", "submission"."monthlyEMI" AS "submission.monthlyEMI", "submission"."monthlyExpenses" AS "submission.monthlyExpenses", "submission"."settlementGoal" AS "submission.settlementGoal", "submission"."settlementTimeline" AS "submission.settlementTimeline", "submission"."analystFeedback" AS "submission.analystFeedback", "submission"."outcomeTracking" AS "submission.outcomeTracking", "submission"."planningType" AS "submission.planningType", "submission"."targetAmount" AS "submission.targetAmount", "submission"."targetTimeline" AS "submission.targetTimeline", "submission"."achievementTimeline" AS "submission.achievementTimeline", "submission"."timelineFlexibility" AS "submission.timelineFlexibility", "submission"."riskReaction" AS "submission.riskReaction", "submission"."investmentExperience" AS "submission.investmentExperience", "submission"."riskPreference" AS "submission.riskPreference", "submission"."riskScore" AS "submission.riskScore", "submission"."incomeType" AS "submission.incomeType", "submission"."monthlyIncome" AS "submission.monthlyIncome", "submission"."incomeStability" AS "submission.incomeStability", "submission"."monthlySavings" AS "submission.monthlySavings", "submission"."assets" AS "submission.assets", "submission"."liabilities" AS "submission.liabilities", "submission"."totalLiabilityAmount" AS "submission.totalLiabilityAmount", "submission"."highestInterestRate" AS "submission.highestInterestRate", "submission"."dependents" AS "submission.dependents", "submission"."hasHealthInsurance" AS "submission.hasHealthInsurance", "submission"."hasLifeInsurance" AS "submission.hasLifeInsurance", "submission"."medicalConditions" AS "submission.medicalConditions", "submission"."taxResidency" AS "submission.taxResidency", "submission"."taxBracket" AS "submission.taxBracket", "submission"."existingTaxSavingInvestments" AS "submission.existingTaxSavingInvestments", "submission"."upcomingTaxEvents" AS "submission.upcomingTaxEvents", "submission"."avoidedInvestments" AS "submission.avoidedInvestments", "submission"."liquidityNeeds" AS "submission.liquidityNeeds", "submission"."ethicalPreferences" AS "submission.ethicalPreferences", "submission"."exposurePreference" AS "submission.exposurePreference", "submission"."successPriority" AS "submission.successPriority", "submission"."reviewFrequency" AS "submission.reviewFrequency", "submission"."riskProfileSummary" AS "submission.riskProfileSummary", "submission"."netWorthSnapshot" AS "submission.netWorthSnapshot", "submission"."gapsIdentified" AS "submission.gapsIdentified", "submission"."strategyOutline" AS "submission.strategyOutline", "submission"."fullName" AS "submission.fullName", "submission"."email" AS "submission.email", "submission"."phone" AS "submission.phone", "submission"."age" AS "submission.age", "submission"."occupation" AS "submission.occupation", "submission"."consultationSlot" AS "submission.consultationSlot", "submission"."preferredMeetingType" AS "submission.preferredMeetingType", "submission"."status" AS "submission.status", "submission"."assignedAnalyst" AS "submission.assignedAnalyst", "submission"."notes" AS "submission.notes", "submission"."createdAt" AS "submission.createdAt", "submission"."updatedAt" AS "submission.updatedAt" FROM "meetings" AS "Meeting" LEFT OUTER JOIN "Users" AS "client" ON "Meeting"."clientId" = "client"."id" LEFT OUTER JOIN "financial_planning_submissions" AS "submission" ON "Meeting"."submissionId" = "submission"."id" WHERE "Meeting"."professionalId" = 3;',
    parameters: undefined
  },
  sql: 'SELECT "Meeting"."id", "Meeting"."clientId", "Meeting"."professionalId", "Meeting"."professionalRole", "Meeting"."title", "Meeting"."planningType", "Meeting"."engagementPurpose", "Meeting"."engagementType", "Meeting"."timeSensitivity", "Meeting"."industry", "Meeting"."turnoverBand", "Meeting"."incomeSources", "Meeting"."accountingMethod", "Meeting"."riskFlags", "Meeting"."riskScore", "Meeting"."startsAt", "Meeting"."endsAt", "Meeting"."status", "Meeting"."zoomMeetingId", "Meeting"."zoomJoinUrl", "Meeting"."zoomStartUrl", "Meeting"."zoomPassword", "Meeting"."description", "Meeting"."notes", "Meeting"."clientNotes", "Meeting"."completedAt", "Meeting"."rating", "Meeting"."feedback", "Meeting"."submissionId", "Meeting"."finalFee", "Meeting"."engagementScope", "Meeting"."engagementNotes", "Meeting"."deliverables", "Meeting"."milestones", "Meeting"."pendingStatus", "Meeting"."nextFollowUp", "Meeting"."referenceNumber", "Meeting"."healthScore", "Meeting"."transactionId", "Meeting"."createdAt", "Meeting"."updatedAt", "client"."id" AS "client.id", "client"."name" AS "client.name", "client"."email" AS "client.email", "submission"."id" AS "submission.id", "submission"."userId" AS "submission.userId", "submission"."planningPurpose" AS "submission.planningPurpose", "submission"."expansionReadinessScore" AS "submission.expansionReadinessScore", "submission"."loanSafetyScore" AS "submission.loanSafetyScore", "submission"."investmentCapacityScore" AS "submission.investmentCapacityScore", "submission"."dataCompletenessScore" AS "submission.dataCompletenessScore", "submission"."isDataVerified" AS "submission.isDataVerified", "submission"."validationFlags" AS "submission.validationFlags", "submission"."decisionPackStatus" AS "submission.decisionPackStatus", "submission"."decisionPackUrl" AS "submission.decisionPackUrl", "submission"."decisionPackGeneratedAt" AS "submission.decisionPackGeneratedAt", "submission"."decisionPackData" AS "submission.decisionPackData", "submission"."isPaid" AS "submission.isPaid", "submission"."transactionId" AS "submission.transactionId", "submission"."expansionType" AS "submission.expansionType", "submission"."fundingRequired" AS "submission.fundingRequired", "submission"."expansionTimeline" AS "submission.expansionTimeline", "submission"."businessType" AS "submission.businessType", "submission"."industryType" AS "submission.industryType", "submission"."annualRevenue" AS "submission.annualRevenue", "submission"."employeeCount" AS "submission.employeeCount", "submission"."profitMargin" AS "submission.profitMargin", "submission"."cashReserves" AS "submission.cashReserves", "submission"."existingLoans" AS "submission.existingLoans", "submission"."debtTypes" AS "submission.debtTypes", "submission"."totalDebtAmount" AS "submission.totalDebtAmount", "submission"."monthlyEMI" AS "submission.monthlyEMI", "submission"."monthlyExpenses" AS "submission.monthlyExpenses", "submission"."settlementGoal" AS "submission.settlementGoal", "submission"."settlementTimeline" AS "submission.settlementTimeline", "submission"."analystFeedback" AS "submission.analystFeedback", "submission"."outcomeTracking" AS "submission.outcomeTracking", "submission"."planningType" AS "submission.planningType", "submission"."targetAmount" AS "submission.targetAmount", "submission"."targetTimeline" AS "submission.targetTimeline", "submission"."achievementTimeline" AS "submission.achievementTimeline", "submission"."timelineFlexibility" AS "submission.timelineFlexibility", "submission"."riskReaction" AS "submission.riskReaction", "submission"."investmentExperience" AS "submission.investmentExperience", "submission"."riskPreference" AS "submission.riskPreference", "submission"."riskScore" AS "submission.riskScore", "submission"."incomeType" AS "submission.incomeType", "submission"."monthlyIncome" AS "submission.monthlyIncome", "submission"."incomeStability" AS "submission.incomeStability", "submission"."monthlySavings" AS "submission.monthlySavings", "submission"."assets" AS "submission.assets", "submission"."liabilities" AS "submission.liabilities", "submission"."totalLiabilityAmount" AS "submission.totalLiabilityAmount", "submission"."highestInterestRate" AS "submission.highestInterestRate", "submission"."dependents" AS "submission.dependents", "submission"."hasHealthInsurance" AS "submission.hasHealthInsurance", "submission"."hasLifeInsurance" AS "submission.hasLifeInsurance", "submission"."medicalConditions" AS "submission.medicalConditions", "submission"."taxResidency" AS "submission.taxResidency", "submission"."taxBracket" AS "submission.taxBracket", "submission"."existingTaxSavingInvestments" AS "submission.existingTaxSavingInvestments", "submission"."upcomingTaxEvents" AS "submission.upcomingTaxEvents", "submission"."avoidedInvestments" AS "submission.avoidedInvestments", "submission"."liquidityNeeds" AS "submission.liquidityNeeds", "submission"."ethicalPreferences" AS "submission.ethicalPreferences", "submission"."exposurePreference" AS "submission.exposurePreference", "submission"."successPriority" AS "submission.successPriority", "submission"."reviewFrequency" AS "submission.reviewFrequency", "submission"."riskProfileSummary" AS "submission.riskProfileSummary", "submission"."netWorthSnapshot" AS "submission.netWorthSnapshot", "submission"."gapsIdentified" AS "submission.gapsIdentified", "submission"."strategyOutline" AS "submission.strategyOutline", "submission"."fullName" AS "submission.fullName", "submission"."email" AS "submission.email", "submission"."phone" AS "submission.phone", "submission"."age" AS "submission.age", "submission"."occupation" AS "submission.occupation", "submission"."consultationSlot" AS "submission.consultationSlot", "submission"."preferredMeetingType" AS "submission.preferredMeetingType", "submission"."status" AS "submission.status", "submission"."assignedAnalyst" AS "submission.assignedAnalyst", "submission"."notes" AS "submission.notes", "submission"."createdAt" AS "submission.createdAt", "submission"."updatedAt" AS "submission.updatedAt" FROM "meetings" AS "Meeting" LEFT OUTER JOIN "Users" AS "client" ON "Meeting"."clientId" = "client"."id" LEFT OUTER JOIN "financial_planning_submissions" AS "submission" ON "Meeting"."submissionId" = "submission"."id" WHERE "Meeting"."professionalId" = 3;',
  parameters: {}
}
